// Jest Snapshot v1, https://goo.gl/fbAQLP

exports[`renders correctly A 1`] = `
<View
  collapsable={false}
  pointerEvents="box-none"
  style={
    Object {
      "flex": 1,
    }
  }
>
  <RCTSafeAreaView
    emulateUnlessSupported={true}
    style={
      Object {
        "alignItems": "center",
        "flex": 1,
        "justifyContent": "center",
      }
    }
  >
    <Text
      style={
        Array [
          Object {
            "color": "#000000",
            "fontFamily": "System",
            "fontWeight": "400",
          },
          Object {
            "textAlign": "left",
          },
          Array [
            Object {
              "textAlign": "left",
            },
            Object {
              "color": "rgba(0, 0, 0, 0.87)",
              "fontFamily": "System",
              "fontWeight": "500",
              "writingDirection": "ltr",
            },
            Array [
              Object {
                "fontSize": 20,
                "letterSpacing": 0.15,
                "lineHeight": 30,
                "marginVertical": 2,
              },
              Object {
                "backgroundColor": "lightgrey",
                "borderColor": "red",
                "borderWidth": 1,
                "color": "red",
                "padding": 20,
              },
            ],
          ],
        ]
      }
    >
      Welcome to unit tested app!
    </Text>
  </RCTSafeAreaView>
</View>
`;

exports[`renders correctly B 1`] = `
<View
  collapsable={false}
  pointerEvents="box-none"
  style={
    Object {
      "flex": 1,
    }
  }
>
  <RCTSafeAreaView
    emulateUnlessSupported={true}
    style={
      Object {
        "alignItems": "center",
        "flex": 1,
        "justifyContent": "center",
      }
    }
  >
    <Text
      style={
        Array [
          Object {
            "color": "#000000",
            "fontFamily": "System",
            "fontWeight": "400",
          },
          Object {
            "textAlign": "left",
          },
          Array [
            Object {
              "textAlign": "left",
            },
            Object {
              "color": "rgba(0, 0, 0, 0.87)",
              "fontFamily": "System",
              "fontWeight": "500",
              "writingDirection": "ltr",
            },
            Array [
              Object {
                "fontSize": 20,
                "letterSpacing": 0.15,
                "lineHeight": 30,
                "marginVertical": 2,
              },
              Object {
                "backgroundColor": "lightgrey",
                "borderColor": "red",
                "borderWidth": 1,
                "color": "red",
                "padding": 20,
              },
            ],
          ],
        ]
      }
    >
      Welcome to unit tested app!
    </Text>
  </RCTSafeAreaView>
</View>
`;
